
=== Test 1: Unsorted Array ===
Before sorting:
jungle
Elephant
Fig
apple
dinosaur
Banana
hello
Cherry
grape
igloo
Dinosaur
banana
Apple
Hello
elephant
Igloo
cherry
Jungle
Grape
fig

After mergesort:
apple
Apple
Banana
banana
Cherry
cherry
dinosaur
Dinosaur
Elephant
elephant
Fig
fig
grape
Grape
hello
Hello
igloo
Igloo
jungle
Jungle
-------------------------------

=== Test 2: Already Sorted Array (qsort) ===
Before sorting:
Apple
Banana
Cherry
Dinosaur
Elephant
Fig
Grape
Hello
Igloo
Jungle
apple
banana
cherry
dinosaur
elephant
fig
grape
hello
igloo
jungle

After mergesort:
Apple
apple
Banana
banana
Cherry
cherry
Dinosaur
dinosaur
Elephant
elephant
Fig
fig
Grape
grape
Hello
hello
Igloo
igloo
Jungle
jungle
-------------------------------

=== Test 3: Reverse Sorted Array ===
Before sorting:
jungle
igloo
hello
grape
fig
elephant
dinosaur
cherry
banana
apple
Jungle
Igloo
Hello
Grape
Fig
Elephant
Dinosaur
Cherry
Banana
Apple

After mergesort:
apple
Apple
banana
Banana
cherry
Cherry
dinosaur
Dinosaur
elephant
Elephant
fig
Fig
grape
Grape
hello
Hello
igloo
Igloo
jungle
Jungle
-------------------------------
